<object-stream>
<org.drools.core.audit.WorkingMemoryLog>
  <version>6.1</version>
  <events>
    <org.drools.core.audit.event.ObjectLogEvent>
      <type>1</type>
      <factId>1</factId>
      <objectToString>org.drools.examples.helloworld.HelloWorldExample$Message@7139bd31</objectToString>
    </org.drools.core.audit.event.ObjectLogEvent>
    <org.drools.core.audit.event.ActivationLogEvent>
      <type>4</type>
      <activationId>Hello World [1]</activationId>
      <rule>Hello World</rule>
      <declarations>message=Hola World; m=org.drools.examples.helloworld.HelloWorldExample$Message@7139bd31</declarations>
      <factHandleIds>1</factHandleIds>
    </org.drools.core.audit.event.ActivationLogEvent>
    <org.drools.core.audit.event.ActivationLogEvent>
      <type>6</type>
      <activationId>Hello World [1]</activationId>
      <rule>Hello World</rule>
      <declarations>message=Hola World; m=org.drools.examples.helloworld.HelloWorldExample$Message@7139bd31</declarations>
      <factHandleIds>1</factHandleIds>
    </org.drools.core.audit.event.ActivationLogEvent>
    <org.drools.core.audit.event.ObjectLogEvent>
      <type>2</type>
      <factId>1</factId>
      <objectToString>org.drools.examples.helloworld.HelloWorldExample$Message@7139bd31</objectToString>
    </org.drools.core.audit.event.ObjectLogEvent>
    <org.drools.core.audit.event.ActivationLogEvent>
      <type>7</type>
      <activationId>Hello World [1]</activationId>
      <rule>Hello World</rule>
      <declarations>message=Goodbye cruel world; m=org.drools.examples.helloworld.HelloWorldExample$Message@7139bd31</declarations>
      <factHandleIds>1</factHandleIds>
    </org.drools.core.audit.event.ActivationLogEvent>
    <org.drools.core.audit.event.ActivationLogEvent>
      <type>4</type>
      <activationId>Good Bye [1]</activationId>
      <rule>Good Bye</rule>
      <declarations>message=Goodbye cruel world</declarations>
      <factHandleIds>1</factHandleIds>
    </org.drools.core.audit.event.ActivationLogEvent>
    <org.drools.core.audit.event.ActivationLogEvent>
      <type>6</type>
      <activationId>Good Bye [1]</activationId>
      <rule>Good Bye</rule>
      <declarations>message=Goodbye cruel world</declarations>
      <factHandleIds>1</factHandleIds>
    </org.drools.core.audit.event.ActivationLogEvent>
    <org.drools.core.audit.event.ActivationLogEvent>
      <type>7</type>
      <activationId>Good Bye [1]</activationId>
      <rule>Good Bye</rule>
      <declarations>message=Goodbye cruel world</declarations>
      <factHandleIds>1</factHandleIds>
    </org.drools.core.audit.event.ActivationLogEvent>
  </events>
</org.drools.core.audit.WorkingMemoryLog>
</object-stream>
